#
# There is insufficient memory for the Java Runtime Environment to continue.
# Native memory allocation (malloc) failed to allocate 1712848 bytes. Error detail: Chunk::new
# Possible reasons:
#   The system is out of physical RAM or swap space
#   This process is running with CompressedOops enabled, and the Java Heap may be blocking the growth of the native heap
# Possible solutions:
#   Reduce memory load on the system
#   Increase physical memory or swap space
#   Check if swap backing store is full
#   Decrease Java heap size (-Xmx/-Xms)
#   Decrease number of Java threads
#   Decrease Java thread stack sizes (-Xss)
#   Set larger code cache with -XX:ReservedCodeCacheSize=
#   JVM is running with Unscaled Compressed Oops mode in which the Java heap is
#     placed in the first 4GB address space. The Java Heap base address is the
#     maximum limit for the native heap growth. Please use -XX:HeapBaseMinAddress
#     to set the Java Heap base and to place the Java Heap above 4GB virtual address.
# This output file may be truncated or incomplete.
#
#  Out of Memory Error (arena.cpp:191), pid=18216, tid=20744
#
# JRE version: OpenJDK Runtime Environment Temurin-17.0.12+7 (17.0.12+7) (build 17.0.12+7)
# Java VM: OpenJDK 64-Bit Server VM Temurin-17.0.12+7 (17.0.12+7, mixed mode, tiered, compressed oops, compressed class ptrs, parallel gc, windows-amd64)
# No core dump will be written. Minidumps are not enabled by default on client versions of Windows
#

---------------  S U M M A R Y ------------

Command Line: --add-modules=ALL-SYSTEM --add-opens=java.base/java.util=ALL-UNNAMED --add-opens=java.base/java.lang=ALL-UNNAMED --add-opens=java.base/sun.nio.fs=ALL-UNNAMED -Declipse.application=org.eclipse.jdt.ls.core.id1 -Dosgi.bundles.defaultStartLevel=4 -Declipse.product=org.eclipse.jdt.ls.core.product -Djava.import.generatesMetadataFilesAtProjectRoot=false -DDetectVMInstallationsJob.disabled=true -Dfile.encoding=utf8 -XX:+UseParallelGC -XX:GCTimeRatio=4 -XX:AdaptiveSizePolicyWeight=90 -Dsun.zip.disableMemoryMapping=true -Xmx1G -Xms100m -Xlog:disable -javaagent:c:\Users\sachinyadav\.vscode\extensions\redhat.java-1.35.1-win32-x64\lombok\lombok-1.18.33.jar -XX:+HeapDumpOnOutOfMemoryError -XX:HeapDumpPath=c:\Users\sachinyadav\AppData\Roaming\Code\User\workspaceStorage\418e2c861d938f14c73a6b54e94f9f2b\redhat.java -Daether.dependencyCollector.impl=bf c:\Users\sachinyadav\.vscode\extensions\redhat.java-1.35.1-win32-x64\server\plugins\org.eclipse.equinox.launcher_1.6.900.v20240613-2009.jar -configuration c:\Users\sachinyadav\AppData\Roaming\Code\User\globalStorage\redhat.java\1.35.1\config_win -data c:\Users\sachinyadav\AppData\Roaming\Code\User\workspaceStorage\418e2c861d938f14c73a6b54e94f9f2b\redhat.java\jdt_ws --pipe=\\.\pipe\lsp-3a72cfe63f406d9501cee0a267ddde49-sock

Host: AMD Ryzen 3 5300U with Radeon Graphics         , 8 cores, 3G,  Windows 11 , 64 bit Build 22621 (10.0.22621.3958)
Time: Thu Oct 17 02:10:06 2024 India Standard Time elapsed time: 26.343075 seconds (0d 0h 0m 26s)

---------------  T H R E A D  ---------------

Current thread (0x000001ce2cb15c00):  JavaThread "C2 CompilerThread0" daemon [_thread_in_native, id=20744, stack(0x0000008719100000,0x0000008719200000)]


Current CompileTask:
C2:  26343 8675 % !   4       org.eclipse.jdt.internal.compiler.classfmt.ClassFileReader::<init> @ 786 (2151 bytes)

Stack: [0x0000008719100000,0x0000008719200000]
Native frames: (J=compiled Java code, j=interpreted, Vv=VM code, C=native code)
V  [jvm.dll+0x67f929]
V  [jvm.dll+0x8371ba]
V  [jvm.dll+0x838c7e]
V  [jvm.dll+0x8392e3]
V  [jvm.dll+0x24834f]
V  [jvm.dll+0xac9d4]
V  [jvm.dll+0xad01c]
V  [jvm.dll+0x3674a7]
V  [jvm.dll+0x33197a]
V  [jvm.dll+0x330e1a]
V  [jvm.dll+0x21a8b1]
V  [jvm.dll+0x219cf1]
V  [jvm.dll+0x1a58bd]
V  [jvm.dll+0x229a2d]
V  [jvm.dll+0x227bdc]
V  [jvm.dll+0x7ec1f7]
V  [jvm.dll+0x7e65dc]
V  [jvm.dll+0x67e7f7]
C  [ucrtbase.dll+0x29333]
C  [KERNEL32.DLL+0x1257d]
C  [ntdll.dll+0x5af28]


---------------  P R O C E S S  ---------------

Threads class SMR info:
_java_thread_list=0x000001ce2fffb630, length=51, elements={
0x000001ce13bbe6f0, 0x000001ce27a41010, 0x000001ce27a452a0, 0x000001ce27a492a0,
0x000001ce27a49b70, 0x000001ce27a4c450, 0x000001ce2cb15000, 0x000001ce2cb15c00,
0x000001ce2cb783d0, 0x000001ce2cb7d0b0, 0x000001ce2cc36060, 0x000001ce2dd3fa80,
0x000001ce2e18d3c0, 0x000001ce2e26dbf0, 0x000001ce2e26e3a0, 0x000001ce2e64e1f0,
0x000001ce2ec559e0, 0x000001ce2eb3ea80, 0x000001ce2eb3fec0, 0x000001ce2eb3f9b0,
0x000001ce2eb41300, 0x000001ce2eb41810, 0x000001ce2eb3f4a0, 0x000001ce2eb3ef90,
0x000001ce2eb403d0, 0x000001ce2eb408e0, 0x000001ce2eb3e060, 0x000001ce2eb3e570,
0x000001ce2fc13710, 0x000001ce2fc173d0, 0x000001ce2fc14b50, 0x000001ce2fc13c20,
0x000001ce2fc13200, 0x000001ce2fc127e0, 0x000001ce2fc118b0, 0x000001ce2fc169b0,
0x000001ce2fc15570, 0x000001ce2fc164a0, 0x000001ce2fc10e90, 0x000001ce2fc10470,
0x000001ce2fc14640, 0x000001ce2fc11dc0, 0x000001ce2fc10980, 0x000001ce2fc113a0,
0x000001ce2fc122d0, 0x000001ce2fc12cf0, 0x000001ce2eb40df0, 0x000001ce2f15b470,
0x000001ce2f154f30, 0x000001ce2f156370, 0x000001ce2f1577b0
}
_to_delete_list=0x000001ce2fffaa00, length=52, elements={
0x000001ce13bbe6f0, 0x000001ce27a41010, 0x000001ce27a452a0, 0x000001ce27a492a0,
0x000001ce27a49b70, 0x000001ce27a4c450, 0x000001ce2cb15000, 0x000001ce2cb15c00,
0x000001ce2cb783d0, 0x000001ce2cb7d0b0, 0x000001ce2cc36060, 0x000001ce2dd3fa80,
0x000001ce2e18d3c0, 0x000001ce2e26dbf0, 0x000001ce2e26e3a0, 0x000001ce2e64e1f0,
0x000001ce2ec559e0, 0x000001ce2eb3ea80, 0x000001ce2eb3fec0, 0x000001ce2eb3f9b0,
0x000001ce2eb41300, 0x000001ce2eb41810, 0x000001ce2eb3f4a0, 0x000001ce2eb3ef90,
0x000001ce2eb403d0, 0x000001ce2eb408e0, 0x000001ce2eb3e060, 0x000001ce2eb3e570,
0x000001ce2fc13710, 0x000001ce2fc173d0, 0x000001ce2fc14b50, 0x000001ce2fc13c20,
0x000001ce2fc13200, 0x000001ce2fc127e0, 0x000001ce2fc118b0, 0x000001ce2fc169b0,
0x000001ce2fc15570, 0x000001ce2fc164a0, 0x000001ce2fc10e90, 0x000001ce2fc178e0,
0x000001ce2fc10470, 0x000001ce2fc14640, 0x000001ce2fc11dc0, 0x000001ce2fc10980,
0x000001ce2fc113a0, 0x000001ce2fc122d0, 0x000001ce2fc12cf0, 0x000001ce2eb40df0,
0x000001ce2f15b470, 0x000001ce2f154f30, 0x000001ce2f156370, 0x000001ce2f1577b0
}

Java Threads: ( => current thread )
  0x000001ce13bbe6f0 JavaThread "main" [_thread_blocked, id=9588, stack(0x0000008718800000,0x0000008718900000)]
  0x000001ce27a41010 JavaThread "Reference Handler" daemon [_thread_blocked, id=9156, stack(0x0000008718b00000,0x0000008718c00000)]
  0x000001ce27a452a0 JavaThread "Finalizer" daemon [_thread_blocked, id=20156, stack(0x0000008718c00000,0x0000008718d00000)]
  0x000001ce27a492a0 JavaThread "Signal Dispatcher" daemon [_thread_blocked, id=18384, stack(0x0000008718d00000,0x0000008718e00000)]
  0x000001ce27a49b70 JavaThread "Attach Listener" daemon [_thread_blocked, id=6984, stack(0x0000008718e00000,0x0000008718f00000)]
  0x000001ce27a4c450 JavaThread "Service Thread" daemon [_thread_blocked, id=8060, stack(0x0000008718f00000,0x0000008719000000)]
  0x000001ce2cb15000 JavaThread "Monitor Deflation Thread" daemon [_thread_blocked, id=6988, stack(0x0000008719000000,0x0000008719100000)]
=>0x000001ce2cb15c00 JavaThread "C2 CompilerThread0" daemon [_thread_in_native, id=20744, stack(0x0000008719100000,0x0000008719200000)]
  0x000001ce2cb783d0 JavaThread "C1 CompilerThread0" daemon [_thread_in_vm, id=10272, stack(0x0000008719200000,0x0000008719300000)]
  0x000001ce2cb7d0b0 JavaThread "Sweeper thread" daemon [_thread_blocked, id=8056, stack(0x0000008719300000,0x0000008719400000)]
  0x000001ce2cc36060 JavaThread "Common-Cleaner" daemon [_thread_blocked, id=13460, stack(0x0000008719400000,0x0000008719500000)]
  0x000001ce2dd3fa80 JavaThread "Notification Thread" daemon [_thread_blocked, id=14956, stack(0x0000008719500000,0x0000008719600000)]
  0x000001ce2e18d3c0 JavaThread "Active Thread: Equinox Container: fd20c363-9fae-4305-9e75-05c0f991200a" [_thread_blocked, id=15408, stack(0x0000008719d00000,0x0000008719e00000)]
  0x000001ce2e26dbf0 JavaThread "Framework Event Dispatcher: Equinox Container: fd20c363-9fae-4305-9e75-05c0f991200a" daemon [_thread_blocked, id=21848, stack(0x0000008719e00000,0x0000008719f00000)]
  0x000001ce2e26e3a0 JavaThread "Start Level: Equinox Container: fd20c363-9fae-4305-9e75-05c0f991200a" daemon [_thread_blocked, id=3368, stack(0x0000008719f00000,0x000000871a000000)]
  0x000001ce2e64e1f0 JavaThread "Bundle File Closer" daemon [_thread_blocked, id=12276, stack(0x000000871a100000,0x000000871a200000)]
  0x000001ce2ec559e0 JavaThread "SCR Component Actor" daemon [_thread_blocked, id=12956, stack(0x000000871a200000,0x000000871a300000)]
  0x000001ce2eb3ea80 JavaThread "Worker-JM" [_thread_blocked, id=1160, stack(0x000000871a400000,0x000000871a500000)]
  0x000001ce2eb3fec0 JavaThread "JNA Cleaner" daemon [_thread_blocked, id=21640, stack(0x000000871a500000,0x000000871a600000)]
  0x000001ce2eb3f9b0 JavaThread "Worker-0" [_thread_blocked, id=10536, stack(0x000000871a600000,0x000000871a700000)]
  0x000001ce2eb41300 JavaThread "Worker-1: Initialize workspace" [_thread_blocked, id=16060, stack(0x000000871a700000,0x000000871a800000)]
  0x000001ce2eb41810 JavaThread "Worker-2" [_thread_blocked, id=11704, stack(0x000000871a800000,0x000000871a900000)]
  0x000001ce2eb3f4a0 JavaThread "Java indexing" daemon [_thread_in_vm, id=18872, stack(0x000000871a900000,0x000000871aa00000)]
  0x000001ce2eb3ef90 JavaThread "Thread-2" daemon [_thread_in_native, id=18040, stack(0x000000871ac00000,0x000000871ad00000)]
  0x000001ce2eb403d0 JavaThread "Thread-3" daemon [_thread_in_native, id=19492, stack(0x000000871ad00000,0x000000871ae00000)]
  0x000001ce2eb408e0 JavaThread "Thread-4" daemon [_thread_in_native, id=11504, stack(0x000000871ae00000,0x000000871af00000)]
  0x000001ce2eb3e060 JavaThread "Thread-5" daemon [_thread_in_native, id=5928, stack(0x000000871af00000,0x000000871b000000)]
  0x000001ce2eb3e570 JavaThread "Thread-6" daemon [_thread_in_native, id=16972, stack(0x000000871b000000,0x000000871b100000)]
  0x000001ce2fc13710 JavaThread "Thread-7" daemon [_thread_in_native, id=1564, stack(0x000000871b100000,0x000000871b200000)]
  0x000001ce2fc173d0 JavaThread "Thread-8" daemon [_thread_in_native, id=13188, stack(0x000000871b200000,0x000000871b300000)]
  0x000001ce2fc14b50 JavaThread "Thread-9" daemon [_thread_in_native, id=18940, stack(0x000000871b300000,0x000000871b400000)]
  0x000001ce2fc13c20 JavaThread "Thread-10" daemon [_thread_in_native, id=21396, stack(0x000000871b400000,0x000000871b500000)]
  0x000001ce2fc13200 JavaThread "pool-2-thread-1" [_thread_blocked, id=3644, stack(0x000000871b500000,0x000000871b600000)]
  0x000001ce2fc127e0 JavaThread "WorkspaceEventsHandler" [_thread_blocked, id=8072, stack(0x000000871b600000,0x000000871b700000)]
  0x000001ce2fc118b0 JavaThread "pool-1-thread-1" [_thread_blocked, id=4540, stack(0x000000871b700000,0x000000871b800000)]
  0x000001ce2fc169b0 JavaThread "Worker-3: Classpath Update Job" [_thread_blocked, id=22332, stack(0x000000871b800000,0x000000871b900000)]
  0x000001ce2fc15570 JavaThread "Worker-4: Java indexing... " [_thread_blocked, id=15904, stack(0x000000871a300000,0x000000871a400000)]
  0x000001ce2fc164a0 JavaThread "Worker-5: Publish Diagnostics" [_thread_in_Java, id=12576, stack(0x000000871b900000,0x000000871ba00000)]
  0x000001ce2fc10e90 JavaThread "Worker-6: Processing JDT Change Events" [_thread_blocked, id=12336, stack(0x000000871ba00000,0x000000871bb00000)]
  0x000001ce2fc10470 JavaThread "ParallelDescriptorResolver-0-0" daemon [_thread_in_native, id=21884, stack(0x000000871bc00000,0x000000871bd00000)]
  0x000001ce2fc14640 JavaThread "ParallelDescriptorResolver-0-1" daemon [_thread_in_native, id=19564, stack(0x000000871bd00000,0x000000871be00000)]
  0x000001ce2fc11dc0 JavaThread "ParallelDescriptorResolver-0-2" daemon [_thread_in_Java, id=21140, stack(0x000000871be00000,0x000000871bf00000)]
  0x000001ce2fc10980 JavaThread "ParallelDescriptorResolver-0-3" daemon [_thread_in_native, id=16772, stack(0x000000871bf00000,0x000000871c000000)]
  0x000001ce2fc113a0 JavaThread "ParallelDescriptorResolver-0-4" daemon [_thread_in_native, id=16264, stack(0x000000871c000000,0x000000871c100000)]
  0x000001ce2fc122d0 JavaThread "ForkJoinPool.commonPool-worker-1" daemon [_thread_blocked, id=16800, stack(0x000000871c100000,0x000000871c200000)]
  0x000001ce2fc12cf0 JavaThread "ForkJoinPool.commonPool-worker-2" daemon [_thread_blocked, id=20412, stack(0x000000871c200000,0x000000871c300000)]
  0x000001ce2eb40df0 JavaThread "ForkJoinPool.commonPool-worker-3" daemon [_thread_blocked, id=18156, stack(0x000000871c300000,0x000000871c400000)]
  0x000001ce2f15b470 JavaThread "ForkJoinPool.commonPool-worker-4" daemon [_thread_blocked, id=8568, stack(0x000000871c400000,0x000000871c500000)]
  0x000001ce2f154f30 JavaThread "ForkJoinPool.commonPool-worker-5" daemon [_thread_blocked, id=14032, stack(0x000000871c500000,0x000000871c600000)]
  0x000001ce2f156370 JavaThread "ForkJoinPool.commonPool-worker-6" daemon [_thread_blocked, id=15324, stack(0x000000871c600000,0x000000871c700000)]
  0x000001ce2f1577b0 JavaThread "Thread-12" daemon [_thread_in_Java, id=17388, stack(0x000000871c700000,0x000000871c800000)]

Other Threads:
  0x000001ce13c67840 VMThread "VM Thread" [stack: 0x0000008718a00000,0x0000008718b00000] [id=22416]
  0x000001ce2dd3ff60 WatcherThread [stack: 0x0000008719600000,0x0000008719700000] [id=10520]
  0x000001ce13bd1e60 GCTaskThread "GC Thread#0" [stack: 0x0000008718900000,0x0000008718a00000] [id=12216]
  0x000001ce2e1407b0 GCTaskThread "GC Thread#1" [stack: 0x0000008719700000,0x0000008719800000] [id=13772]
  0x000001ce2e5c0cd0 GCTaskThread "GC Thread#2" [stack: 0x0000008719800000,0x0000008719900000] [id=20204]
  0x000001ce2e13bff0 GCTaskThread "GC Thread#3" [stack: 0x0000008719900000,0x0000008719a00000] [id=4316]
  0x000001ce2e1a28e0 GCTaskThread "GC Thread#4" [stack: 0x0000008719a00000,0x0000008719b00000] [id=22056]
  0x000001ce2debdfc0 GCTaskThread "GC Thread#5" [stack: 0x0000008719b00000,0x0000008719c00000] [id=9964]
  0x000001ce2debe280 GCTaskThread "GC Thread#6" [stack: 0x0000008719c00000,0x0000008719d00000] [id=8412]
  0x000001ce2e26e880 GCTaskThread "GC Thread#7" [stack: 0x000000871a000000,0x000000871a100000] [id=17260]

Threads with active compile tasks:
C2 CompilerThread0    26460 8675 % !   4       org.eclipse.jdt.internal.compiler.classfmt.ClassFileReader::<init> @ 786 (2151 bytes)

VM state: not at safepoint (normal execution)

VM Mutex/Monitor currently owned by a thread: None

Heap address: 0x00000000c0000000, size: 1024 MB, Compressed Oops mode: 32-bit

CDS archive(s) not mapped
Compressed class space mapped at: 0x0000000100000000-0x0000000140000000, reserved size: 1073741824
Narrow klass base: 0x0000000000000000, Narrow klass shift: 3, Narrow klass range: 0x140000000

GC Precious Log:
 CPUs: 8 total, 8 available
 Memory: 3429M
 Large Page Support: Disabled
 NUMA Support: Disabled
 Compressed Oops: Enabled (32-bit)
 Alignments: Space 512K, Generation 512K, Heap 2M
 Heap Min Capacity: 100M
 Heap Initial Capacity: 100M
 Heap Max Capacity: 1G
 Pre-touch: Disabled
 Parallel Workers: 8

Heap:
 PSYoungGen      total 13824K, used 12787K [0x00000000eab00000, 0x00000000eba00000, 0x0000000100000000)
  eden space 12800K, 91% used [0x00000000eab00000,0x00000000eb67eeb8,0x00000000eb780000)
  from space 1024K, 99% used [0x00000000eb900000,0x00000000eb9fe010,0x00000000eba00000)
  to   space 512K, 0% used [0x00000000eb780000,0x00000000eb780000,0x00000000eb800000)
 ParOldGen       total 105984K, used 93569K [0x00000000c0000000, 0x00000000c6780000, 0x00000000eab00000)
  object space 105984K, 88% used [0x00000000c0000000,0x00000000c5b607c0,0x00000000c6780000)
 Metaspace       used 63639K, committed 64896K, reserved 1114112K
  class space    used 6779K, committed 7360K, reserved 1048576K

Card table byte_map: [0x000001ce13570000,0x000001ce13780000] _byte_map_base: 0x000001ce12f70000

Marking Bits: (ParMarkBitMap*) 0x00007ffc353558b0
 Begin Bits: [0x000001ce25850000, 0x000001ce26850000)
 End Bits:   [0x000001ce26850000, 0x000001ce27850000)

Polling page: 0x000001ce11bb0000

Metaspace:

Usage:
  Non-class:     55.53 MB used.
      Class:      6.62 MB used.
       Both:     62.15 MB used.

Virtual space:
  Non-class space:       64.00 MB reserved,      56.19 MB ( 88%) committed,  1 nodes.
      Class space:        1.00 GB reserved,       7.19 MB ( <1%) committed,  1 nodes.
             Both:        1.06 GB reserved,      63.38 MB (  6%) committed. 

Chunk freelists:
   Non-Class:  7.81 MB
       Class:  8.84 MB
        Both:  16.66 MB

MaxMetaspaceSize: unlimited
CompressedClassSpaceSize: 1.00 GB
Initial GC threshold: 21.00 MB
Current GC threshold: 105.44 MB
CDS: off
MetaspaceReclaimPolicy: balanced
 - commit_granule_bytes: 65536.
 - commit_granule_words: 8192.
 - virtual_space_node_default_size: 8388608.
 - enlarge_chunks_in_place: 1.
 - new_chunks_are_fully_committed: 0.
 - uncommit_free_chunks: 1.
 - use_allocation_guard: 0.
 - handle_deallocations: 1.


Internal statistics:

num_allocs_failed_limit: 9.
num_arena_births: 852.
num_arena_deaths: 26.
num_vsnodes_births: 2.
num_vsnodes_deaths: 0.
num_space_committed: 1014.
num_space_uncommitted: 0.
num_chunks_returned_to_freelist: 39.
num_chunks_taken_from_freelist: 3599.
num_chunk_merges: 12.
num_chunk_splits: 2118.
num_chunks_enlarged: 1093.
num_inconsistent_stats: 0.

CodeHeap 'non-profiled nmethods': size=120000Kb used=3024Kb max_used=3024Kb free=116975Kb
 bounds [0x000001ce1e320000, 0x000001ce1e620000, 0x000001ce25850000]
CodeHeap 'profiled nmethods': size=120000Kb used=16812Kb max_used=16812Kb free=103187Kb
 bounds [0x000001ce16850000, 0x000001ce178c0000, 0x000001ce1dd80000]
CodeHeap 'non-nmethods': size=5760Kb used=1346Kb max_used=1394Kb free=4413Kb
 bounds [0x000001ce1dd80000, 0x000001ce1dff0000, 0x000001ce1e320000]
 total_blobs=9103 nmethods=8414 adapters=602
 compilation: enabled
              stopped_count=0, restarted_count=0
 full_count=0

Compilation events (20 events):
Event: 26.298 Thread 0x000001ce2cb783d0 9381       2       org.eclipse.aether.repository.RemoteRepository::<init> (443 bytes)
Event: 26.299 Thread 0x000001ce2cb783d0 nmethod 9381 0x000001ce17892190 code [0x000001ce17892380, 0x000001ce17892938]
Event: 26.299 Thread 0x000001ce2cb783d0 9382       1       org.apache.maven.model.Exclusion::getGroupId (5 bytes)
Event: 26.299 Thread 0x000001ce2cb783d0 nmethod 9382 0x000001ce1e613390 code [0x000001ce1e613520, 0x000001ce1e6135f8]
Event: 26.299 Thread 0x000001ce2cb783d0 9383       1       org.apache.maven.model.Exclusion::getArtifactId (5 bytes)
Event: 26.300 Thread 0x000001ce2cb783d0 nmethod 9383 0x000001ce1e613690 code [0x000001ce1e613820, 0x000001ce1e6138f8]
Event: 26.301 Thread 0x000001ce2cb783d0 9386 %     3       org.eclipse.jdt.internal.core.util.WeakHashSet::rehash @ 38 (90 bytes)
Event: 26.301 Thread 0x000001ce2cb783d0 nmethod 9386% 0x000001ce17892c10 code [0x000001ce17892de0, 0x000001ce17893218]
Event: 26.301 Thread 0x000001ce2cb783d0 9387       2       org.apache.maven.model.building.DefaultModelBuilder::getCache (50 bytes)
Event: 26.302 Thread 0x000001ce2cb783d0 nmethod 9387 0x000001ce17893490 code [0x000001ce17893680, 0x000001ce178939d8]
Event: 26.302 Thread 0x000001ce2cb783d0 9388       3       org.eclipse.jdt.internal.core.util.WeakHashSet::rehash (90 bytes)
Event: 26.303 Thread 0x000001ce2cb783d0 nmethod 9388 0x000001ce17893b90 code [0x000001ce17893d60, 0x000001ce178940d8]
Event: 26.309 Thread 0x000001ce2cb783d0 9389   !   3       org.apache.maven.model.ModelBase::clone (397 bytes)
Event: 26.315 Thread 0x000001ce2cb783d0 nmethod 9389 0x000001ce17894290 code [0x000001ce178947c0, 0x000001ce178973a8]
Event: 26.318 Thread 0x000001ce2cb783d0 9392       2       org.apache.maven.model.building.ModelProblemUtils::toId (74 bytes)
Event: 26.318 Thread 0x000001ce2cb783d0 nmethod 9392 0x000001ce17898810 code [0x000001ce178989c0, 0x000001ce17898b68]
Event: 26.320 Thread 0x000001ce2cb783d0 9394   !   2       sun.nio.cs.StreamDecoder::close (48 bytes)
Event: 26.322 Thread 0x000001ce2cb783d0 nmethod 9394 0x000001ce17898d10 code [0x000001ce17898ee0, 0x000001ce178991f8]
Event: 26.323 Thread 0x000001ce2cb783d0 9395       1       org.apache.maven.model.building.ModelCacheTag$1::getName (3 bytes)
Event: 26.323 Thread 0x000001ce2cb783d0 nmethod 9395 0x000001ce1e613990 code [0x000001ce1e613b20, 0x000001ce1e613bf8]

GC Heap History (20 events):
Event: 23.698 GC heap before
{Heap before GC invocations=43 (full 3):
 PSYoungGen      total 16896K, used 16889K [0x00000000eab00000, 0x00000000ebe80000, 0x0000000100000000)
  eden space 14848K, 100% used [0x00000000eab00000,0x00000000eb980000,0x00000000eb980000)
  from space 2048K, 99% used [0x00000000eb980000,0x00000000ebb7e680,0x00000000ebb80000)
  to   space 2560K, 0% used [0x00000000ebc00000,0x00000000ebc00000,0x00000000ebe80000)
 ParOldGen       total 68608K, used 60719K [0x00000000c0000000, 0x00000000c4300000, 0x00000000eab00000)
  object space 68608K, 88% used [0x00000000c0000000,0x00000000c3b4bc18,0x00000000c4300000)
 Metaspace       used 62754K, committed 64064K, reserved 1114112K
  class space    used 6694K, committed 7296K, reserved 1048576K
}
Event: 23.704 GC heap after
{Heap after GC invocations=43 (full 3):
 PSYoungGen      total 16896K, used 1696K [0x00000000eab00000, 0x00000000ebe00000, 0x0000000100000000)
  eden space 14848K, 0% used [0x00000000eab00000,0x00000000eab00000,0x00000000eb980000)
  from space 2048K, 82% used [0x00000000ebc00000,0x00000000ebda8000,0x00000000ebe00000)
  to   space 2048K, 0% used [0x00000000eb980000,0x00000000eb980000,0x00000000ebb80000)
 ParOldGen       total 68608K, used 62189K [0x00000000c0000000, 0x00000000c4300000, 0x00000000eab00000)
  object space 68608K, 90% used [0x00000000c0000000,0x00000000c3cbb6e0,0x00000000c4300000)
 Metaspace       used 62754K, committed 64064K, reserved 1114112K
  class space    used 6694K, committed 7296K, reserved 1048576K
}
Event: 23.832 GC heap before
{Heap before GC invocations=44 (full 3):
 PSYoungGen      total 16896K, used 16544K [0x00000000eab00000, 0x00000000ebe00000, 0x0000000100000000)
  eden space 14848K, 100% used [0x00000000eab00000,0x00000000eb980000,0x00000000eb980000)
  from space 2048K, 82% used [0x00000000ebc00000,0x00000000ebda8000,0x00000000ebe00000)
  to   space 2048K, 0% used [0x00000000eb980000,0x00000000eb980000,0x00000000ebb80000)
 ParOldGen       total 68608K, used 62189K [0x00000000c0000000, 0x00000000c4300000, 0x00000000eab00000)
  object space 68608K, 90% used [0x00000000c0000000,0x00000000c3cbb6e0,0x00000000c4300000)
 Metaspace       used 62838K, committed 64192K, reserved 1114112K
  class space    used 6710K, committed 7296K, reserved 1048576K
}
Event: 23.840 GC heap after
{Heap after GC invocations=44 (full 3):
 PSYoungGen      total 16896K, used 1760K [0x00000000eab00000, 0x00000000ebd80000, 0x0000000100000000)
  eden space 14848K, 0% used [0x00000000eab00000,0x00000000eab00000,0x00000000eb980000)
  from space 2048K, 85% used [0x00000000eb980000,0x00000000ebb38000,0x00000000ebb80000)
  to   space 2048K, 0% used [0x00000000ebb80000,0x00000000ebb80000,0x00000000ebd80000)
 ParOldGen       total 68608K, used 63732K [0x00000000c0000000, 0x00000000c4300000, 0x00000000eab00000)
  object space 68608K, 92% used [0x00000000c0000000,0x00000000c3e3d010,0x00000000c4300000)
 Metaspace       used 62838K, committed 64192K, reserved 1114112K
  class space    used 6710K, committed 7296K, reserved 1048576K
}
Event: 24.080 GC heap before
{Heap before GC invocations=45 (full 3):
 PSYoungGen      total 16896K, used 16608K [0x00000000eab00000, 0x00000000ebd80000, 0x0000000100000000)
  eden space 14848K, 100% used [0x00000000eab00000,0x00000000eb980000,0x00000000eb980000)
  from space 2048K, 85% used [0x00000000eb980000,0x00000000ebb38000,0x00000000ebb80000)
  to   space 2048K, 0% used [0x00000000ebb80000,0x00000000ebb80000,0x00000000ebd80000)
 ParOldGen       total 68608K, used 63732K [0x00000000c0000000, 0x00000000c4300000, 0x00000000eab00000)
  object space 68608K, 92% used [0x00000000c0000000,0x00000000c3e3d010,0x00000000c4300000)
 Metaspace       used 62946K, committed 64256K, reserved 1114112K
  class space    used 6720K, committed 7296K, reserved 1048576K
}
Event: 24.095 GC heap after
{Heap after GC invocations=45 (full 3):
 PSYoungGen      total 16896K, used 1692K [0x00000000eab00000, 0x00000000ebd80000, 0x0000000100000000)
  eden space 14848K, 0% used [0x00000000eab00000,0x00000000eab00000,0x00000000eb980000)
  from space 2048K, 82% used [0x00000000ebb80000,0x00000000ebd27018,0x00000000ebd80000)
  to   space 2048K, 0% used [0x00000000eb980000,0x00000000eb980000,0x00000000ebb80000)
 ParOldGen       total 68608K, used 65284K [0x00000000c0000000, 0x00000000c4300000, 0x00000000eab00000)
  object space 68608K, 95% used [0x00000000c0000000,0x00000000c3fc1138,0x00000000c4300000)
 Metaspace       used 62946K, committed 64256K, reserved 1114112K
  class space    used 6720K, committed 7296K, reserved 1048576K
}
Event: 24.536 GC heap before
{Heap before GC invocations=46 (full 3):
 PSYoungGen      total 16896K, used 16539K [0x00000000eab00000, 0x00000000ebd80000, 0x0000000100000000)
  eden space 14848K, 99% used [0x00000000eab00000,0x00000000eb97ffe0,0x00000000eb980000)
  from space 2048K, 82% used [0x00000000ebb80000,0x00000000ebd27018,0x00000000ebd80000)
  to   space 2048K, 0% used [0x00000000eb980000,0x00000000eb980000,0x00000000ebb80000)
 ParOldGen       total 68608K, used 65284K [0x00000000c0000000, 0x00000000c4300000, 0x00000000eab00000)
  object space 68608K, 95% used [0x00000000c0000000,0x00000000c3fc1138,0x00000000c4300000)
 Metaspace       used 63143K, committed 64512K, reserved 1114112K
  class space    used 6742K, committed 7360K, reserved 1048576K
}
Event: 24.543 GC heap after
{Heap after GC invocations=46 (full 3):
 PSYoungGen      total 16384K, used 1262K [0x00000000eab00000, 0x00000000ebc80000, 0x0000000100000000)
  eden space 14848K, 0% used [0x00000000eab00000,0x00000000eab00000,0x00000000eb980000)
  from space 1536K, 82% used [0x00000000eb980000,0x00000000ebabbae8,0x00000000ebb00000)
  to   space 1536K, 0% used [0x00000000ebb00000,0x00000000ebb00000,0x00000000ebc80000)
 ParOldGen       total 68608K, used 67834K [0x00000000c0000000, 0x00000000c4300000, 0x00000000eab00000)
  object space 68608K, 98% used [0x00000000c0000000,0x00000000c423e838,0x00000000c4300000)
 Metaspace       used 63143K, committed 64512K, reserved 1114112K
  class space    used 6742K, committed 7360K, reserved 1048576K
}
Event: 24.543 GC heap before
{Heap before GC invocations=47 (full 4):
 PSYoungGen      total 16384K, used 1262K [0x00000000eab00000, 0x00000000ebc80000, 0x0000000100000000)
  eden space 14848K, 0% used [0x00000000eab00000,0x00000000eab00000,0x00000000eb980000)
  from space 1536K, 82% used [0x00000000eb980000,0x00000000ebabbae8,0x00000000ebb00000)
  to   space 1536K, 0% used [0x00000000ebb00000,0x00000000ebb00000,0x00000000ebc80000)
 ParOldGen       total 68608K, used 67834K [0x00000000c0000000, 0x00000000c4300000, 0x00000000eab00000)
  object space 68608K, 98% used [0x00000000c0000000,0x00000000c423e838,0x00000000c4300000)
 Metaspace       used 63143K, committed 64512K, reserved 1114112K
  class space    used 6742K, committed 7360K, reserved 1048576K
}
Event: 25.166 GC heap after
{Heap after GC invocations=47 (full 4):
 PSYoungGen      total 16384K, used 0K [0x00000000eab00000, 0x00000000ebc80000, 0x0000000100000000)
  eden space 14848K, 0% used [0x00000000eab00000,0x00000000eab00000,0x00000000eb980000)
  from space 1536K, 0% used [0x00000000ebb00000,0x00000000ebb00000,0x00000000ebc80000)
  to   space 1536K, 0% used [0x00000000eb980000,0x00000000eb980000,0x00000000ebb00000)
 ParOldGen       total 93184K, used 65237K [0x00000000c0000000, 0x00000000c5b00000, 0x00000000eab00000)
  object space 93184K, 70% used [0x00000000c0000000,0x00000000c3fb57b8,0x00000000c5b00000)
 Metaspace       used 63140K, committed 64512K, reserved 1114112K
  class space    used 6741K, committed 7360K, reserved 1048576K
}
Event: 25.516 GC heap before
{Heap before GC invocations=48 (full 4):
 PSYoungGen      total 16384K, used 14848K [0x00000000eab00000, 0x00000000ebc80000, 0x0000000100000000)
  eden space 14848K, 100% used [0x00000000eab00000,0x00000000eb980000,0x00000000eb980000)
  from space 1536K, 0% used [0x00000000ebb00000,0x00000000ebb00000,0x00000000ebc80000)
  to   space 1536K, 0% used [0x00000000eb980000,0x00000000eb980000,0x00000000ebb00000)
 ParOldGen       total 93184K, used 65237K [0x00000000c0000000, 0x00000000c5b00000, 0x00000000eab00000)
  object space 93184K, 70% used [0x00000000c0000000,0x00000000c3fb57b8,0x00000000c5b00000)
 Metaspace       used 63470K, committed 64768K, reserved 1114112K
  class space    used 6772K, committed 7360K, reserved 1048576K
}
Event: 25.519 GC heap after
{Heap after GC invocations=48 (full 4):
 PSYoungGen      total 16384K, used 1344K [0x00000000eab00000, 0x00000000ebc80000, 0x0000000100000000)
  eden space 14848K, 0% used [0x00000000eab00000,0x00000000eab00000,0x00000000eb980000)
  from space 1536K, 87% used [0x00000000eb980000,0x00000000ebad0040,0x00000000ebb00000)
  to   space 1536K, 0% used [0x00000000ebb00000,0x00000000ebb00000,0x00000000ebc80000)
 ParOldGen       total 93184K, used 66567K [0x00000000c0000000, 0x00000000c5b00000, 0x00000000eab00000)
  object space 93184K, 71% used [0x00000000c0000000,0x00000000c4101f38,0x00000000c5b00000)
 Metaspace       used 63470K, committed 64768K, reserved 1114112K
  class space    used 6772K, committed 7360K, reserved 1048576K
}
Event: 25.765 GC heap before
{Heap before GC invocations=49 (full 4):
 PSYoungGen      total 16384K, used 16192K [0x00000000eab00000, 0x00000000ebc80000, 0x0000000100000000)
  eden space 14848K, 100% used [0x00000000eab00000,0x00000000eb980000,0x00000000eb980000)
  from space 1536K, 87% used [0x00000000eb980000,0x00000000ebad0040,0x00000000ebb00000)
  to   space 1536K, 0% used [0x00000000ebb00000,0x00000000ebb00000,0x00000000ebc80000)
 ParOldGen       total 93184K, used 74227K [0x00000000c0000000, 0x00000000c5b00000, 0x00000000eab00000)
  object space 93184K, 79% used [0x00000000c0000000,0x00000000c487cf48,0x00000000c5b00000)
 Metaspace       used 63489K, committed 64768K, reserved 1114112K
  class space    used 6774K, committed 7360K, reserved 1048576K
}
Event: 25.771 GC heap after
{Heap after GC invocations=49 (full 4):
 PSYoungGen      total 14336K, used 1518K [0x00000000eab00000, 0x00000000ec080000, 0x0000000100000000)
  eden space 12800K, 0% used [0x00000000eab00000,0x00000000eab00000,0x00000000eb780000)
  from space 1536K, 98% used [0x00000000ebb00000,0x00000000ebc7b838,0x00000000ebc80000)
  to   space 3584K, 0% used [0x00000000eb780000,0x00000000eb780000,0x00000000ebb00000)
 ParOldGen       total 93184K, used 75749K [0x00000000c0000000, 0x00000000c5b00000, 0x00000000eab00000)
  object space 93184K, 81% used [0x00000000c0000000,0x00000000c49f96c8,0x00000000c5b00000)
 Metaspace       used 63489K, committed 64768K, reserved 1114112K
  class space    used 6774K, committed 7360K, reserved 1048576K
}
Event: 26.019 GC heap before
{Heap before GC invocations=50 (full 4):
 PSYoungGen      total 14336K, used 10600K [0x00000000eab00000, 0x00000000ec080000, 0x0000000100000000)
  eden space 12800K, 70% used [0x00000000eab00000,0x00000000eb3dea98,0x00000000eb780000)
  from space 1536K, 98% used [0x00000000ebb00000,0x00000000ebc7b838,0x00000000ebc80000)
  to   space 3584K, 0% used [0x00000000eb780000,0x00000000eb780000,0x00000000ebb00000)
 ParOldGen       total 104448K, used 102079K [0x00000000c0000000, 0x00000000c6600000, 0x00000000eab00000)
  object space 104448K, 97% used [0x00000000c0000000,0x00000000c63afc78,0x00000000c6600000)
 Metaspace       used 63511K, committed 64768K, reserved 1114112K
  class space    used 6776K, committed 7360K, reserved 1048576K
}
Event: 26.024 GC heap after
{Heap after GC invocations=50 (full 4):
 PSYoungGen      total 13824K, used 1018K [0x00000000eab00000, 0x00000000ebb80000, 0x0000000100000000)
  eden space 12800K, 0% used [0x00000000eab00000,0x00000000eab00000,0x00000000eb780000)
  from space 1024K, 99% used [0x00000000eb780000,0x00000000eb87e9b0,0x00000000eb880000)
  to   space 2048K, 0% used [0x00000000eb980000,0x00000000eb980000,0x00000000ebb80000)
 ParOldGen       total 104448K, used 103490K [0x00000000c0000000, 0x00000000c6600000, 0x00000000eab00000)
  object space 104448K, 99% used [0x00000000c0000000,0x00000000c6510928,0x00000000c6600000)
 Metaspace       used 63511K, committed 64768K, reserved 1114112K
  class space    used 6776K, committed 7360K, reserved 1048576K
}
Event: 26.025 GC heap before
{Heap before GC invocations=51 (full 5):
 PSYoungGen      total 13824K, used 1018K [0x00000000eab00000, 0x00000000ebb80000, 0x0000000100000000)
  eden space 12800K, 0% used [0x00000000eab00000,0x00000000eab00000,0x00000000eb780000)
  from space 1024K, 99% used [0x00000000eb780000,0x00000000eb87e9b0,0x00000000eb880000)
  to   space 2048K, 0% used [0x00000000eb980000,0x00000000eb980000,0x00000000ebb80000)
 ParOldGen       total 104448K, used 103490K [0x00000000c0000000, 0x00000000c6600000, 0x00000000eab00000)
  object space 104448K, 99% used [0x00000000c0000000,0x00000000c6510928,0x00000000c6600000)
 Metaspace       used 63511K, committed 64768K, reserved 1114112K
  class space    used 6776K, committed 7360K, reserved 1048576K
}
Event: 26.170 GC heap after
{Heap after GC invocations=51 (full 5):
 PSYoungGen      total 14848K, used 0K [0x00000000eab00000, 0x00000000ebb80000, 0x0000000100000000)
  eden space 12800K, 0% used [0x00000000eab00000,0x00000000eab00000,0x00000000eb780000)
  from space 2048K, 0% used [0x00000000eb980000,0x00000000eb980000,0x00000000ebb80000)
  to   space 2048K, 0% used [0x00000000eb780000,0x00000000eb780000,0x00000000eb980000)
 ParOldGen       total 105984K, used 79551K [0x00000000c0000000, 0x00000000c6780000, 0x00000000eab00000)
  object space 105984K, 75% used [0x00000000c0000000,0x00000000c4daff80,0x00000000c6780000)
 Metaspace       used 63511K, committed 64768K, reserved 1114112K
  class space    used 6776K, committed 7360K, reserved 1048576K
}
Event: 26.212 GC heap before
{Heap before GC invocations=52 (full 5):
 PSYoungGen      total 14848K, used 12800K [0x00000000eab00000, 0x00000000ebb80000, 0x0000000100000000)
  eden space 12800K, 100% used [0x00000000eab00000,0x00000000eb780000,0x00000000eb780000)
  from space 2048K, 0% used [0x00000000eb980000,0x00000000eb980000,0x00000000ebb80000)
  to   space 2048K, 0% used [0x00000000eb780000,0x00000000eb780000,0x00000000eb980000)
 ParOldGen       total 105984K, used 79551K [0x00000000c0000000, 0x00000000c6780000, 0x00000000eab00000)
  object space 105984K, 75% used [0x00000000c0000000,0x00000000c4daff80,0x00000000c6780000)
 Metaspace       used 63524K, committed 64832K, reserved 1114112K
  class space    used 6777K, committed 7360K, reserved 1048576K
}
Event: 26.219 GC heap after
{Heap after GC invocations=52 (full 5):
 PSYoungGen      total 13312K, used 448K [0x00000000eab00000, 0x00000000eba00000, 0x0000000100000000)
  eden space 12800K, 0% used [0x00000000eab00000,0x00000000eab00000,0x00000000eb780000)
  from space 512K, 87% used [0x00000000eb780000,0x00000000eb7f02c0,0x00000000eb800000)
  to   space 1024K, 0% used [0x00000000eb900000,0x00000000eb900000,0x00000000eba00000)
 ParOldGen       total 105984K, used 90569K [0x00000000c0000000, 0x00000000c6780000, 0x00000000eab00000)
  object space 105984K, 85% used [0x00000000c0000000,0x00000000c5872520,0x00000000c6780000)
 Metaspace       used 63524K, committed 64832K, reserved 1114112K
  class space    used 6777K, committed 7360K, reserved 1048576K
}

Dll operation events (10 events):
Event: 0.025 Loaded shared library c:\Users\sachinyadav\.vscode\extensions\redhat.java-1.35.1-win32-x64\jre\17.0.12-win32-x86_64\bin\java.dll
Event: 0.622 Loaded shared library c:\Users\sachinyadav\.vscode\extensions\redhat.java-1.35.1-win32-x64\jre\17.0.12-win32-x86_64\bin\zip.dll
Event: 0.628 Loaded shared library C:\Users\sachinyadav\.vscode\extensions\redhat.java-1.35.1-win32-x64\jre\17.0.12-win32-x86_64\bin\instrument.dll
Event: 0.673 Loaded shared library C:\Users\sachinyadav\.vscode\extensions\redhat.java-1.35.1-win32-x64\jre\17.0.12-win32-x86_64\bin\net.dll
Event: 0.681 Loaded shared library C:\Users\sachinyadav\.vscode\extensions\redhat.java-1.35.1-win32-x64\jre\17.0.12-win32-x86_64\bin\nio.dll
Event: 0.706 Loaded shared library C:\Users\sachinyadav\.vscode\extensions\redhat.java-1.35.1-win32-x64\jre\17.0.12-win32-x86_64\bin\zip.dll
Event: 0.767 Loaded shared library C:\Users\sachinyadav\.vscode\extensions\redhat.java-1.35.1-win32-x64\jre\17.0.12-win32-x86_64\bin\jimage.dll
Event: 1.051 Loaded shared library c:\Users\sachinyadav\.vscode\extensions\redhat.java-1.35.1-win32-x64\jre\17.0.12-win32-x86_64\bin\verify.dll
Event: 4.851 Loaded shared library C:\Users\sachinyadav\AppData\Roaming\Code\User\globalStorage\redhat.java\1.35.1\config_win\org.eclipse.equinox.launcher\org.eclipse.equinox.launcher.win32.win32.x86_64_1.2.1100.v20240722-2106\eclipse_11904.dll
Event: 8.581 Loaded shared library C:\Users\sachinyadav\AppData\Local\Temp\jna-1903913721\jna14656808301353771742.dll

Deoptimization events (20 events):
Event: 25.474 Thread 0x000001ce2fc10980 DEOPT PACKING pc=0x000001ce1e58c368 sp=0x000000871bffe850
Event: 25.474 Thread 0x000001ce2fc10980 DEOPT UNPACKING pc=0x000001ce1ddd66a3 sp=0x000000871bffe7c8 mode 2
Event: 25.531 Thread 0x000001ce2fc164a0 DEOPT PACKING pc=0x000001ce16b3a1be sp=0x000000871b9fe2e0
Event: 25.531 Thread 0x000001ce2fc164a0 DEOPT UNPACKING pc=0x000001ce1ddd6e43 sp=0x000000871b9fd7e0 mode 0
Event: 25.568 Thread 0x000001ce2fc164a0 Uncommon trap: trap_request=0xffffffcc fr.pc=0x000001ce1e60a604 relative=0x0000000000001064
Event: 25.568 Thread 0x000001ce2fc164a0 Uncommon trap: reason=intrinsic_or_type_checked_inlining action=make_not_entrant pc=0x000001ce1e60a604 method=java.util.ArrayList.toArray([Ljava/lang/Object;)[Ljava/lang/Object; @ 36 c2
Event: 25.568 Thread 0x000001ce2fc164a0 DEOPT PACKING pc=0x000001ce1e60a604 sp=0x000000871b9fe390
Event: 25.568 Thread 0x000001ce2fc164a0 DEOPT UNPACKING pc=0x000001ce1ddd66a3 sp=0x000000871b9fe2c8 mode 2
Event: 25.894 Thread 0x000001ce2fc10980 Uncommon trap: trap_request=0xffffff45 fr.pc=0x000001ce1e60f050 relative=0x0000000000000050
Event: 25.894 Thread 0x000001ce2fc10980 Uncommon trap: reason=unstable_if action=reinterpret pc=0x000001ce1e60f050 method=org.codehaus.plexus.util.xml.pull.MXParser.isValidCodePoint(I)Z @ 15 c2
Event: 25.894 Thread 0x000001ce2fc10980 DEOPT PACKING pc=0x000001ce1e60f050 sp=0x000000871bffe410
Event: 25.894 Thread 0x000001ce2fc10980 DEOPT UNPACKING pc=0x000001ce1ddd66a3 sp=0x000000871bffe3a0 mode 2
Event: 25.995 Thread 0x000001ce2eb3f4a0 DEOPT PACKING pc=0x000001ce16a2d213 sp=0x000000871a9fe840
Event: 25.995 Thread 0x000001ce2eb3f4a0 DEOPT UNPACKING pc=0x000001ce1ddd6e43 sp=0x000000871a9fdd78 mode 0
Event: 26.219 Thread 0x000001ce2f1577b0 DEOPT PACKING pc=0x000001ce171e657c sp=0x000000871c7fee20
Event: 26.219 Thread 0x000001ce2f1577b0 DEOPT UNPACKING pc=0x000001ce1ddd6e43 sp=0x000000871c7fe330 mode 3
Event: 26.220 Thread 0x000001ce2f1577b0 DEOPT PACKING pc=0x000001ce171e649c sp=0x000000871c7fef80
Event: 26.220 Thread 0x000001ce2f1577b0 DEOPT UNPACKING pc=0x000001ce1ddd6e43 sp=0x000000871c7fe488 mode 0
Event: 26.220 Thread 0x000001ce2f1577b0 DEOPT PACKING pc=0x000001ce171e649c sp=0x000000871c7ff0e0
Event: 26.220 Thread 0x000001ce2f1577b0 DEOPT UNPACKING pc=0x000001ce1ddd6e43 sp=0x000000871c7fe5e0 mode 0

Classes loaded (20 events):
Event: 25.484 Loading class com/sun/crypto/provider/ElectronicCodeBook
Event: 25.489 Loading class com/sun/crypto/provider/FeedbackCipher
Event: 25.489 Loading class com/sun/crypto/provider/FeedbackCipher done
Event: 25.489 Loading class com/sun/crypto/provider/ElectronicCodeBook done
Event: 25.490 Loading class com/sun/crypto/provider/PKCS5Padding
Event: 25.491 Loading class com/sun/crypto/provider/Padding
Event: 25.492 Loading class com/sun/crypto/provider/Padding done
Event: 25.492 Loading class com/sun/crypto/provider/PKCS5Padding done
Event: 25.492 Loading class com/sun/crypto/provider/CipherBlockChaining
Event: 25.492 Loading class com/sun/crypto/provider/CipherBlockChaining done
Event: 25.493 Loading class javax/crypto/NullCipher
Event: 25.493 Loading class javax/crypto/NullCipher done
Event: 25.494 Loading class sun/security/util/ArrayUtil
Event: 25.495 Loading class sun/security/util/ArrayUtil done
Event: 25.666 Loading class java/util/zip/CheckedInputStream
Event: 25.667 Loading class java/util/zip/CheckedInputStream done
Event: 25.986 Loading class java/util/zip/GZIPInputStream$1
Event: 25.986 Loading class java/util/zip/GZIPInputStream$1 done
Event: 26.299 Loading class sun/nio/cs/ISO_8859_1$Decoder
Event: 26.300 Loading class sun/nio/cs/ISO_8859_1$Decoder done

Classes unloaded (13 events):
Event: 11.882 Thread 0x000001ce13c67840 Unloading class 0x0000000100250400 'java/lang/invoke/LambdaForm$MH+0x0000000100250400'
Event: 11.882 Thread 0x000001ce13c67840 Unloading class 0x0000000100250000 'java/lang/invoke/LambdaForm$MH+0x0000000100250000'
Event: 11.882 Thread 0x000001ce13c67840 Unloading class 0x000000010024bc00 'java/lang/invoke/LambdaForm$MH+0x000000010024bc00'
Event: 11.882 Thread 0x000001ce13c67840 Unloading class 0x000000010024b800 'java/lang/invoke/LambdaForm$MH+0x000000010024b800'
Event: 11.882 Thread 0x000001ce13c67840 Unloading class 0x000000010024b400 'java/lang/invoke/LambdaForm$BMH+0x000000010024b400'
Event: 11.882 Thread 0x000001ce13c67840 Unloading class 0x000000010024b000 'java/lang/invoke/LambdaForm$DMH+0x000000010024b000'
Event: 11.882 Thread 0x000001ce13c67840 Unloading class 0x0000000100248400 'java/lang/invoke/LambdaForm$DMH+0x0000000100248400'
Event: 20.106 Thread 0x000001ce13c67840 Unloading class 0x0000000100628c00 'jdk/internal/reflect/GeneratedSerializationConstructorAccessor30'
Event: 20.106 Thread 0x000001ce13c67840 Unloading class 0x0000000100628400 'jdk/internal/reflect/GeneratedSerializationConstructorAccessor29'
Event: 20.106 Thread 0x000001ce13c67840 Unloading class 0x0000000100623c00 'jdk/internal/reflect/GeneratedSerializationConstructorAccessor27'
Event: 20.106 Thread 0x000001ce13c67840 Unloading class 0x0000000100623400 'jdk/internal/reflect/GeneratedSerializationConstructorAccessor25'
Event: 24.580 Thread 0x000001ce13c67840 Unloading class 0x000000010071cc00 'java/lang/invoke/LambdaForm$MH+0x000000010071cc00'
Event: 24.580 Thread 0x000001ce13c67840 Unloading class 0x000000010071c800 'java/lang/invoke/LambdaForm$MH+0x000000010071c800'

Classes redefined (0 events):
No events

Internal exceptions (20 events):
Event: 20.228 Thread 0x000001ce2fc169b0 Exception <a 'sun/nio/fs/WindowsException'{0x00000000eab8b608}> (0x00000000eab8b608) 
thrown [s\src\hotspot\share\prims\jni.cpp, line 516]
Event: 20.228 Thread 0x000001ce2fc169b0 Exception <a 'sun/nio/fs/WindowsException'{0x00000000eab8bc40}> (0x00000000eab8bc40) 
thrown [s\src\hotspot\share\prims\jni.cpp, line 516]
Event: 20.229 Thread 0x000001ce2fc169b0 Exception <a 'sun/nio/fs/WindowsException'{0x00000000eab8c960}> (0x00000000eab8c960) 
thrown [s\src\hotspot\share\prims\jni.cpp, line 516]
Event: 20.229 Thread 0x000001ce2fc169b0 Exception <a 'sun/nio/fs/WindowsException'{0x00000000eab8cf98}> (0x00000000eab8cf98) 
thrown [s\src\hotspot\share\prims\jni.cpp, line 516]
Event: 20.233 Thread 0x000001ce2fc169b0 Exception <a 'java/io/FileNotFoundException'{0x00000000eac21f40}> (0x00000000eac21f40) 
thrown [s\src\hotspot\share\prims\jni.cpp, line 516]
Event: 20.234 Thread 0x000001ce2fc169b0 Exception <a 'java/io/FileNotFoundException'{0x00000000eac22ce0}> (0x00000000eac22ce0) 
thrown [s\src\hotspot\share\prims\jni.cpp, line 516]
Event: 20.260 Thread 0x000001ce2fc169b0 Exception <a 'sun/nio/fs/WindowsException'{0x00000000eac73bf0}> (0x00000000eac73bf0) 
thrown [s\src\hotspot\share\prims\jni.cpp, line 516]
Event: 20.261 Thread 0x000001ce2fc169b0 Exception <a 'sun/nio/fs/WindowsException'{0x00000000eac74228}> (0x00000000eac74228) 
thrown [s\src\hotspot\share\prims\jni.cpp, line 516]
Event: 21.093 Thread 0x000001ce2eb3f4a0 Implicit null exception at 0x000001ce1e576b2c to 0x000001ce1e576c1c
Event: 21.646 Thread 0x000001ce2fc118b0 Exception <a 'sun/nio/fs/WindowsException'{0x00000000ebb19ac8}> (0x00000000ebb19ac8) 
thrown [s\src\hotspot\share\prims\jni.cpp, line 516]
Event: 21.647 Thread 0x000001ce2fc118b0 Exception <a 'sun/nio/fs/WindowsException'{0x00000000ebb1a100}> (0x00000000ebb1a100) 
thrown [s\src\hotspot\share\prims\jni.cpp, line 516]
Event: 21.648 Thread 0x000001ce2fc118b0 Exception <a 'sun/nio/fs/WindowsException'{0x00000000ebb1d850}> (0x00000000ebb1d850) 
thrown [s\src\hotspot\share\prims\jni.cpp, line 516]
Event: 21.648 Thread 0x000001ce2fc118b0 Exception <a 'sun/nio/fs/WindowsException'{0x00000000ebb1de88}> (0x00000000ebb1de88) 
thrown [s\src\hotspot\share\prims\jni.cpp, line 516]
Event: 22.132 Thread 0x000001ce2fc164a0 Exception <a 'java/lang/NoSuchMethodError'{0x00000000eb153b38}: 'java.lang.Object java.lang.invoke.DirectMethodHandle$Holder.invokeSpecial(java.lang.Object, java.lang.Object, int, long)'> (0x00000000eb153b38) 
thrown [s\src\hotspot\share\interpreter\linkResolver.cpp, line 759]
Event: 23.646 Thread 0x000001ce2fc169b0 Exception <a 'java/lang/NoSuchMethodError'{0x00000000eb450690}: 'void java.lang.invoke.DirectMethodHandle$Holder.invokeInterface(java.lang.Object, java.lang.Object)'> (0x00000000eb450690) 
thrown [s\src\hotspot\share\interpreter\linkResolver.cpp, line 759]
Event: 23.729 Thread 0x000001ce2fc169b0 Exception <a 'java/lang/NoSuchMethodError'{0x00000000ead29f30}: 'java.lang.Object java.lang.invoke.DirectMethodHandle$Holder.newInvokeSpecial(java.lang.Object, java.lang.Object, java.lang.Object, java.lang.Object, java.lang.Object, java.lang.Object)'> (0x00000000ead29f30) 
thrown [s\src\hotspot\share\interpreter\linkResolver.cpp, line 759]
Event: 23.746 Thread 0x000001ce2fc10470 Exception <a 'java/lang/NoSuchMethodError'{0x00000000eaf09580}: 'java.lang.Object java.lang.invoke.Invokers$Holder.linkToTargetMethod(java.lang.Object, java.lang.Object, java.lang.Object, java.lang.Object, java.lang.Object, java.lang.Object, java.lang.Object)'> (0x00000000eaf09580) 
thrown [s\src\hotspot\share\interpreter\linkResolver.cpp, line 759]
Event: 23.746 Thread 0x000001ce2fc10980 Exception <a 'java/lang/NoSuchMethodError'{0x00000000eaec5e30}: 'java.lang.Object java.lang.invoke.Invokers$Holder.linkToTargetMethod(java.lang.Object, java.lang.Object, java.lang.Object, java.lang.Object, java.lang.Object, java.lang.Object, java.lang.Object)'> (0x00000000eaec5e30) 
thrown [s\src\hotspot\share\interpreter\linkResolver.cpp, line 759]
Event: 23.746 Thread 0x000001ce2fc11dc0 Exception <a 'java/lang/NoSuchMethodError'{0x00000000eaeb62a0}: 'java.lang.Object java.lang.invoke.Invokers$Holder.linkToTargetMethod(java.lang.Object, java.lang.Object, java.lang.Object, java.lang.Object, java.lang.Object, java.lang.Object, java.lang.Object)'> (0x00000000eaeb62a0) 
thrown [s\src\hotspot\share\interpreter\linkResolver.cpp, line 759]
Event: 25.308 Thread 0x000001ce2f1577b0 Exception <a 'sun/nio/fs/WindowsException'{0x00000000eae2ed50}> (0x00000000eae2ed50) 
thrown [s\src\hotspot\share\prims\jni.cpp, line 516]

VM Operations (20 events):
Event: 23.850 Executing VM operation: ParallelGCFailedAllocation done
Event: 24.067 Executing VM operation: ParallelGCFailedAllocation
Event: 24.151 Executing VM operation: ParallelGCFailedAllocation done
Event: 24.478 Executing VM operation: ParallelGCFailedAllocation
Event: 25.230 Executing VM operation: ParallelGCFailedAllocation done
Event: 25.230 Executing VM operation: HandshakeAllThreads
Event: 25.238 Executing VM operation: HandshakeAllThreads done
Event: 25.311 Executing VM operation: HandshakeAllThreads
Event: 25.331 Executing VM operation: HandshakeAllThreads done
Event: 25.500 Executing VM operation: ParallelGCFailedAllocation
Event: 25.663 Executing VM operation: ParallelGCFailedAllocation done
Event: 25.732 Executing VM operation: ParallelGCFailedAllocation
Event: 25.790 Executing VM operation: ParallelGCFailedAllocation done
Event: 26.019 Executing VM operation: ParallelGCFailedAllocation
Event: 26.180 Executing VM operation: ParallelGCFailedAllocation done
Event: 26.199 Executing VM operation: HandshakeAllThreads
Event: 26.212 Executing VM operation: HandshakeAllThreads done
Event: 26.212 Executing VM operation: ParallelGCFailedAllocation
Event: 26.219 Executing VM operation: ParallelGCFailedAllocation done
Event: 26.326 Executing VM operation: ParallelGCFailedAllocation

Events (20 events):
Event: 16.196 Thread 0x000001ce2cb7d0b0 flushing nmethod 0x000001ce1739c290
Event: 18.553 Thread 0x000001ce2fc15570 Thread added: 0x000001ce2fc15570
Event: 19.046 Thread 0x000001ce2fc164a0 Thread added: 0x000001ce2fc164a0
Event: 19.082 Thread 0x000001ce2fc10e90 Thread added: 0x000001ce2fc10e90
Event: 20.281 Thread 0x000001ce2fc178e0 Thread added: 0x000001ce2fc178e0
Event: 22.118 Thread 0x000001ce2cb7d0b0 flushing nmethod 0x000001ce169b4290
Event: 22.208 Thread 0x000001ce2cb7d0b0 flushing nmethod 0x000001ce173a1590
Event: 23.733 Thread 0x000001ce2fc10470 Thread added: 0x000001ce2fc10470
Event: 23.733 Thread 0x000001ce2fc14640 Thread added: 0x000001ce2fc14640
Event: 23.734 Thread 0x000001ce2fc11dc0 Thread added: 0x000001ce2fc11dc0
Event: 23.734 Thread 0x000001ce2fc10980 Thread added: 0x000001ce2fc10980
Event: 23.737 Thread 0x000001ce2fc113a0 Thread added: 0x000001ce2fc113a0
Event: 24.051 Thread 0x000001ce2fc122d0 Thread added: 0x000001ce2fc122d0
Event: 24.120 Thread 0x000001ce2fc12cf0 Thread added: 0x000001ce2fc12cf0
Event: 24.121 Thread 0x000001ce2eb40df0 Thread added: 0x000001ce2eb40df0
Event: 24.122 Thread 0x000001ce2f15b470 Thread added: 0x000001ce2f15b470
Event: 24.166 Thread 0x000001ce2f154f30 Thread added: 0x000001ce2f154f30
Event: 24.203 Thread 0x000001ce2f156370 Thread added: 0x000001ce2f156370
Event: 24.437 Thread 0x000001ce2f1577b0 Thread added: 0x000001ce2f1577b0
Event: 25.314 Thread 0x000001ce2fc178e0 Thread exited: 0x000001ce2fc178e0


Dynamic libraries:
0x00007ff627c30000 - 0x00007ff627c3e000 	c:\Users\sachinyadav\.vscode\extensions\redhat.java-1.35.1-win32-x64\jre\17.0.12-win32-x86_64\bin\java.exe
0x00007ffcc53f0000 - 0x00007ffcc5607000 	C:\WINDOWS\SYSTEM32\ntdll.dll
0x00007ffcc3fa0000 - 0x00007ffcc4064000 	C:\WINDOWS\System32\KERNEL32.DLL
0x00007ffcc2710000 - 0x00007ffcc2abd000 	C:\WINDOWS\System32\KERNELBASE.dll
0x00007ffcc2e90000 - 0x00007ffcc2fa1000 	C:\WINDOWS\System32\ucrtbase.dll
0x00007ffca1250000 - 0x00007ffca1267000 	c:\Users\sachinyadav\.vscode\extensions\redhat.java-1.35.1-win32-x64\jre\17.0.12-win32-x86_64\bin\jli.dll
0x00007ffcc33a0000 - 0x00007ffcc354e000 	C:\WINDOWS\System32\USER32.dll
0x00007ffcc2ac0000 - 0x00007ffcc2ae6000 	C:\WINDOWS\System32\win32u.dll
0x00007ffcc4070000 - 0x00007ffcc4099000 	C:\WINDOWS\System32\GDI32.dll
0x00007ffcc2b90000 - 0x00007ffcc2ca9000 	C:\WINDOWS\System32\gdi32full.dll
0x00007ffcc2d30000 - 0x00007ffcc2dca000 	C:\WINDOWS\System32\msvcp_win.dll
0x00007ffc91980000 - 0x00007ffc9199b000 	c:\Users\sachinyadav\.vscode\extensions\redhat.java-1.35.1-win32-x64\jre\17.0.12-win32-x86_64\bin\VCRUNTIME140.dll
0x00007ffcbb350000 - 0x00007ffcbb5e3000 	C:\WINDOWS\WinSxS\amd64_microsoft.windows.common-controls_6595b64144ccf1df_6.0.22621.3672_none_2713b9d173822955\COMCTL32.dll
0x00007ffcc4100000 - 0x00007ffcc41a7000 	C:\WINDOWS\System32\msvcrt.dll
0x00007ffcc41b0000 - 0x00007ffcc41e1000 	C:\WINDOWS\System32\IMM32.DLL
0x00007ffca89e0000 - 0x00007ffca89ec000 	c:\Users\sachinyadav\.vscode\extensions\redhat.java-1.35.1-win32-x64\jre\17.0.12-win32-x86_64\bin\vcruntime140_1.dll
0x00007ffc44b00000 - 0x00007ffc44b8d000 	c:\Users\sachinyadav\.vscode\extensions\redhat.java-1.35.1-win32-x64\jre\17.0.12-win32-x86_64\bin\msvcp140.dll
0x00007ffc347b0000 - 0x00007ffc3541a000 	c:\Users\sachinyadav\.vscode\extensions\redhat.java-1.35.1-win32-x64\jre\17.0.12-win32-x86_64\bin\server\jvm.dll
0x00007ffcc3670000 - 0x00007ffcc3722000 	C:\WINDOWS\System32\ADVAPI32.dll
0x00007ffcc41f0000 - 0x00007ffcc4299000 	C:\WINDOWS\System32\sechost.dll
0x00007ffcc2b60000 - 0x00007ffcc2b88000 	C:\WINDOWS\System32\bcrypt.dll
0x00007ffcc3550000 - 0x00007ffcc3664000 	C:\WINDOWS\System32\RPCRT4.dll
0x00007ffcc37e0000 - 0x00007ffcc3851000 	C:\WINDOWS\System32\WS2_32.dll
0x00007ffcc25d0000 - 0x00007ffcc261d000 	C:\WINDOWS\SYSTEM32\POWRPROF.dll
0x00007ffcb86d0000 - 0x00007ffcb8704000 	C:\WINDOWS\SYSTEM32\WINMM.dll
0x00007ffcb98c0000 - 0x00007ffcb98ca000 	C:\WINDOWS\SYSTEM32\VERSION.dll
0x00007ffcc2400000 - 0x00007ffcc2413000 	C:\WINDOWS\SYSTEM32\UMPDC.dll
0x00007ffcc1740000 - 0x00007ffcc1758000 	C:\WINDOWS\SYSTEM32\kernel.appcore.dll
0x00007ffca7d80000 - 0x00007ffca7d8a000 	c:\Users\sachinyadav\.vscode\extensions\redhat.java-1.35.1-win32-x64\jre\17.0.12-win32-x86_64\bin\jimage.dll
0x00007ffcbe0f0000 - 0x00007ffcbe322000 	C:\WINDOWS\SYSTEM32\DBGHELP.DLL
0x00007ffcc4de0000 - 0x00007ffcc516d000 	C:\WINDOWS\System32\combase.dll
0x00007ffcc5170000 - 0x00007ffcc5247000 	C:\WINDOWS\System32\OLEAUT32.dll
0x00007ffcbb9d0000 - 0x00007ffcbba02000 	C:\WINDOWS\SYSTEM32\dbgcore.DLL
0x00007ffcc2cb0000 - 0x00007ffcc2d2b000 	C:\WINDOWS\System32\bcryptPrimitives.dll
0x00007ffca79d0000 - 0x00007ffca79de000 	c:\Users\sachinyadav\.vscode\extensions\redhat.java-1.35.1-win32-x64\jre\17.0.12-win32-x86_64\bin\instrument.dll
0x00007ffc56b90000 - 0x00007ffc56bb5000 	c:\Users\sachinyadav\.vscode\extensions\redhat.java-1.35.1-win32-x64\jre\17.0.12-win32-x86_64\bin\java.dll
0x00007ffc597a0000 - 0x00007ffc597b8000 	c:\Users\sachinyadav\.vscode\extensions\redhat.java-1.35.1-win32-x64\jre\17.0.12-win32-x86_64\bin\zip.dll
0x00007ffcc4330000 - 0x00007ffcc4b98000 	C:\WINDOWS\System32\SHELL32.dll
0x00007ffcc0660000 - 0x00007ffcc0f5e000 	C:\WINDOWS\SYSTEM32\windows.storage.dll
0x00007ffcc0520000 - 0x00007ffcc065f000 	C:\WINDOWS\SYSTEM32\wintypes.dll
0x00007ffcc3140000 - 0x00007ffcc3239000 	C:\WINDOWS\System32\SHCORE.dll
0x00007ffcc42a0000 - 0x00007ffcc42fe000 	C:\WINDOWS\System32\shlwapi.dll
0x00007ffcc2640000 - 0x00007ffcc2661000 	C:\WINDOWS\SYSTEM32\profapi.dll
0x00007ffc91800000 - 0x00007ffc91819000 	C:\Users\sachinyadav\.vscode\extensions\redhat.java-1.35.1-win32-x64\jre\17.0.12-win32-x86_64\bin\net.dll
0x00007ffcbef70000 - 0x00007ffcbf0a6000 	C:\WINDOWS\SYSTEM32\WINHTTP.dll
0x00007ffcc1bb0000 - 0x00007ffcc1c19000 	C:\WINDOWS\system32\mswsock.dll
0x00007ffc58500000 - 0x00007ffc58516000 	C:\Users\sachinyadav\.vscode\extensions\redhat.java-1.35.1-win32-x64\jre\17.0.12-win32-x86_64\bin\nio.dll
0x00007ffca71b0000 - 0x00007ffca71c0000 	c:\Users\sachinyadav\.vscode\extensions\redhat.java-1.35.1-win32-x64\jre\17.0.12-win32-x86_64\bin\verify.dll
0x00007ffc43560000 - 0x00007ffc435a5000 	C:\Users\sachinyadav\AppData\Roaming\Code\User\globalStorage\redhat.java\1.35.1\config_win\org.eclipse.equinox.launcher\org.eclipse.equinox.launcher.win32.win32.x86_64_1.2.1100.v20240722-2106\eclipse_11904.dll
0x00007ffcc4c30000 - 0x00007ffcc4dd5000 	C:\WINDOWS\System32\ole32.dll
0x00007ffcc1e20000 - 0x00007ffcc1e3b000 	C:\WINDOWS\SYSTEM32\CRYPTSP.dll
0x00007ffcc16a0000 - 0x00007ffcc16d5000 	C:\WINDOWS\system32\rsaenh.dll
0x00007ffcc1cb0000 - 0x00007ffcc1cd8000 	C:\WINDOWS\SYSTEM32\USERENV.dll
0x00007ffcc1e10000 - 0x00007ffcc1e1c000 	C:\WINDOWS\SYSTEM32\CRYPTBASE.dll
0x00007ffcc11c0000 - 0x00007ffcc11ed000 	C:\WINDOWS\SYSTEM32\IPHLPAPI.DLL
0x00007ffcc4300000 - 0x00007ffcc4309000 	C:\WINDOWS\System32\NSI.dll
0x00007ffcbf490000 - 0x00007ffcbf4a9000 	C:\WINDOWS\SYSTEM32\dhcpcsvc6.DLL
0x00007ffcbf470000 - 0x00007ffcbf48f000 	C:\WINDOWS\SYSTEM32\dhcpcsvc.DLL
0x00007ffcc1230000 - 0x00007ffcc1328000 	C:\WINDOWS\SYSTEM32\DNSAPI.dll
0x00007ffc468e0000 - 0x00007ffc46929000 	C:\Users\sachinyadav\AppData\Local\Temp\jna-1903913721\jna14656808301353771742.dll
0x00007ffcc37d0000 - 0x00007ffcc37d8000 	C:\WINDOWS\System32\PSAPI.DLL

dbghelp: loaded successfully - version: 4.0.5 - missing functions: none
symbol engine: initialized successfully - sym options: 0x614 - pdb path: .;c:\Users\sachinyadav\.vscode\extensions\redhat.java-1.35.1-win32-x64\jre\17.0.12-win32-x86_64\bin;C:\WINDOWS\SYSTEM32;C:\WINDOWS\WinSxS\amd64_microsoft.windows.common-controls_6595b64144ccf1df_6.0.22621.3672_none_2713b9d173822955;c:\Users\sachinyadav\.vscode\extensions\redhat.java-1.35.1-win32-x64\jre\17.0.12-win32-x86_64\bin\server;C:\Users\sachinyadav\AppData\Roaming\Code\User\globalStorage\redhat.java\1.35.1\config_win\org.eclipse.equinox.launcher\org.eclipse.equinox.launcher.win32.win32.x86_64_1.2.1100.v20240722-2106;C:\Users\sachinyadav\AppData\Local\Temp\jna-1903913721

VM Arguments:
jvm_args: --add-modules=ALL-SYSTEM --add-opens=java.base/java.util=ALL-UNNAMED --add-opens=java.base/java.lang=ALL-UNNAMED --add-opens=java.base/sun.nio.fs=ALL-UNNAMED -Declipse.application=org.eclipse.jdt.ls.core.id1 -Dosgi.bundles.defaultStartLevel=4 -Declipse.product=org.eclipse.jdt.ls.core.product -Djava.import.generatesMetadataFilesAtProjectRoot=false -DDetectVMInstallationsJob.disabled=true -Dfile.encoding=utf8 -XX:+UseParallelGC -XX:GCTimeRatio=4 -XX:AdaptiveSizePolicyWeight=90 -Dsun.zip.disableMemoryMapping=true -Xmx1G -Xms100m -Xlog:disable -javaagent:c:\Users\sachinyadav\.vscode\extensions\redhat.java-1.35.1-win32-x64\lombok\lombok-1.18.33.jar -XX:+HeapDumpOnOutOfMemoryError -XX:HeapDumpPath=c:\Users\sachinyadav\AppData\Roaming\Code\User\workspaceStorage\418e2c861d938f14c73a6b54e94f9f2b\redhat.java -Daether.dependencyCollector.impl=bf 
java_command: c:\Users\sachinyadav\.vscode\extensions\redhat.java-1.35.1-win32-x64\server\plugins\org.eclipse.equinox.launcher_1.6.900.v20240613-2009.jar -configuration c:\Users\sachinyadav\AppData\Roaming\Code\User\globalStorage\redhat.java\1.35.1\config_win -data c:\Users\sachinyadav\AppData\Roaming\Code\User\workspaceStorage\418e2c861d938f14c73a6b54e94f9f2b\redhat.java\jdt_ws --pipe=\\.\pipe\lsp-3a72cfe63f406d9501cee0a267ddde49-sock
java_class_path (initial): c:\Users\sachinyadav\.vscode\extensions\redhat.java-1.35.1-win32-x64\server\plugins\org.eclipse.equinox.launcher_1.6.900.v20240613-2009.jar
Launcher Type: SUN_STANDARD

[Global flags]
    uintx AdaptiveSizePolicyWeight                 = 90                                        {product} {command line}
     intx CICompilerCount                          = 4                                         {product} {ergonomic}
    uintx GCTimeRatio                              = 4                                         {product} {command line}
     bool HeapDumpOnOutOfMemoryError               = true                                   {manageable} {command line}
    ccstr HeapDumpPath                             = c:\Users\sachinyadav\AppData\Roaming\Code\User\workspaceStorage\418e2c861d938f14c73a6b54e94f9f2b\redhat.java         {manageable} {command line}
   size_t InitialHeapSize                          = 104857600                                 {product} {command line}
   size_t MaxHeapSize                              = 1073741824                                {product} {command line}
   size_t MaxNewSize                               = 357564416                                 {product} {ergonomic}
   size_t MinHeapDeltaBytes                        = 524288                                    {product} {ergonomic}
   size_t MinHeapSize                              = 104857600                                 {product} {command line}
   size_t NewSize                                  = 34603008                                  {product} {ergonomic}
    uintx NonNMethodCodeHeapSize                   = 5839372                                {pd product} {ergonomic}
    uintx NonProfiledCodeHeapSize                  = 122909434                              {pd product} {ergonomic}
   size_t OldSize                                  = 70254592                                  {product} {ergonomic}
    uintx ProfiledCodeHeapSize                     = 122909434                              {pd product} {ergonomic}
    uintx ReservedCodeCacheSize                    = 251658240                              {pd product} {ergonomic}
     bool SegmentedCodeCache                       = true                                      {product} {ergonomic}
   size_t SoftMaxHeapSize                          = 1073741824                             {manageable} {ergonomic}
     bool UseCompressedClassPointers               = true                           {product lp64_product} {ergonomic}
     bool UseCompressedOops                        = true                           {product lp64_product} {ergonomic}
     bool UseLargePagesIndividualAllocation        = false                                  {pd product} {ergonomic}
     bool UseParallelGC                            = true                                      {product} {command line}

Logging:
Log output configuration:
 #0: stdout all=off uptime,level,tags
 #1: stderr all=off uptime,level,tags

Environment Variables:
PATH=C:\Program Files\Python312\Scripts\;C:\Program Files\Python312\;C:\Program Files\Common Files\Oracle\Java\javapath;C:\WINDOWS\system32;C:\WINDOWS;C:\WINDOWS\System32\Wbem;C:\WINDOWS\System32\WindowsPowerShell\v1.0\;C:\WINDOWS\System32\OpenSSH\;C:\Program Files\Git\cmd;C:\Program Files\MySQL\MySQL Shell 8.0\bin\;C:\Users\sachinyadav\AppData\Local\Programs\Python\Launcher\;C:\Users\sachinyadav\AppData\Local\Microsoft\WindowsApps;C:\Users\sachinyadav\AppData\Local\Programs\Microsoft VS Code\bin
USERNAME=sachinyadav
OS=Windows_NT
PROCESSOR_IDENTIFIER=AMD64 Family 23 Model 104 Stepping 1, AuthenticAMD
TMP=C:\Users\SACHIN~1\AppData\Local\Temp
TEMP=C:\Users\SACHIN~1\AppData\Local\Temp



Periodic native trim disabled


---------------  S Y S T E M  ---------------

OS:
 Windows 11 , 64 bit Build 22621 (10.0.22621.3958)
OS uptime: 25 days 5:00 hours

CPU: total 8 (initial active 8) (8 cores per cpu, 2 threads per core) family 23 model 104 stepping 1 microcode 0x0, cx8, cmov, fxsr, ht, mmx, 3dnowpref, sse, sse2, sse3, ssse3, sse4a, sse4.1, sse4.2, popcnt, lzcnt, tsc, tscinvbit, avx, avx2, aes, clmul, bmi1, bmi2, adx, sha, fma, vzeroupper, clflush, clflushopt
Processor Information for all 8 processors :
  Max Mhz: 2600, Current Mhz: 1896, Mhz Limit: 2600

Memory: 4k page, system-wide physical 3429M (8M free)
TotalPageFile size 14181M (AvailPageFile size 5M)
current process WorkingSet (physical memory assigned to process): 212M, peak: 220M
current process commit charge ("private bytes"): 338M, peak: 922M

vm_info: OpenJDK 64-Bit Server VM (17.0.12+7) for windows-amd64 JRE (17.0.12+7), built on Jul 16 2024 22:08:24 by "admin" with MS VC++ 16.10 / 16.11 (VS2019)

END.
